[m-kredited-flexicard.bubbleapps.io/version-test/home.html]
[backblue.gif]
[fade.gif]
[index.html]
[m-kredited-flexicard.bubbleapps.io/package/early_js/c5bcb2b703c12cc31e5a643f3beafacd0fd83738d617fb5a9a2b524326bd2d5b/xfalse/early.js]
[m-kredited-flexicard.bubbleapps.io/version-test/GET]
[dd7tel2830j4w.cloudfront.net/f1530294839424x143528842134401200/Icon-no-clearspace.png]
[dd7tel2830j4w.cloudfront.net/f1578495816588x646815646347334700/Bubble Tags.png]
[m-kredited-flexicard.bubbleapps.io/package/run_css/e2631555844483e240464223e35bf17cfe0fabdcd67a02221afc2ca479d46a3d/m-kredited-flexicard/test/home/xfalse/xfalse/run.css]
[m-kredited-flexicard.bubbleapps.io/package/static_js/c7feb175d18ebd7942d613f296c484f795a0e9679923b2b463d70583fdcb7bca/m-kredited-flexicard/test/home/xnull/xfalse/xfalse/xtrue/static.js]
[m-kredited-flexicard.bubbleapps.io/package/run_js/80504dfaa1faaff90bc0ad6ff805a0abd3bf25b07ae7d9d5753e61c64096b045/xtrue/x17/run.js]
[m-kredited-flexicard.bubbleapps.io/version-test/POST.9.delayed]
[m-kredited-flexicard.bubbleapps.io/version-test/home.html]
[m-kredited-flexicard.bubbleapps.io/version-test/GET.html]
[external.html]
[m-kredited-flexicard.bubbleapps.io/static/slick/ajax-loader.gif]
[m-kredited-flexicard.bubbleapps.io/package/run_css/e2631555844483e240464223e35bf17cfe0fabdcd67a02221afc2ca479d46a3d/m-kredited-flexicard/test/home/xfalse/xfalse/run.css]
[m-kredited-flexicard.bubbleapps.io/package/dynamic_js/0757ad0cea7447f0d33eb0200e75c0ec20615280afbd793/m-kredited-flexicard/test/home/xnull/xfalse/xtrue/en_us/xfalse/xfals/dynamic.8.delaye]
[m-kredited-flexicard.bubbleapps.io/version-test/POST.html]
